src/controllers/sessionController.ts(177,22): error TS2339: Property 'session' does not exist on type '{ id: string; created_at: Date; updated_at: Date; user_id: string; is_active: boolean; session_id: string; share_token: string; expires_at: Date | null; }'.
